// Jest Snapshot v1, https://goo.gl/fbAQLP

exports[`<POSTS /> Should match snapshot 1`] = `
<div
  class="posts"
>
  <div
    class="post"
  >
    <img
      alt="title 1"
      src="img/img1.png"
    />
    <div
      class="post-content"
    >
      <h2>
         
        title 1
         
      </h2>
      <p>
         
        body 1
         
      </p>
      <h3>
         
        1
         
      </h3>
    </div>
  </div>
  <div
    class="post"
  >
    <img
      alt="title 2"
      src="img/img2.png"
    />
    <div
      class="post-content"
    >
      <h2>
         
        title 2
         
      </h2>
      <p>
         
        body 2
         
      </p>
      <h3>
         
        2
         
      </h3>
    </div>
  </div>
  <div
    class="post"
  >
    <img
      alt="title 3"
      src="img/img3.png"
    />
    <div
      class="post-content"
    >
      <h2>
         
        title 3
         
      </h2>
      <p>
         
        body 3
         
      </p>
      <h3>
         
        3
         
      </h3>
    </div>
  </div>
</div>
`;
