// Jest Snapshot v1, https://goo.gl/fbAQLP

exports[`<Button /> Should match snapshot 1`] = `
<button
  class="button"
>
  Load more
</button>
`;
