// Jest Snapshot v1, https://goo.gl/fbAQLP

exports[`<PostCard /> Should match snapshot 1`] = `
<div
  class="post"
>
  <img
    alt="title 1"
    src="img/img.png"
  />
  <div
    class="post-content"
  >
    <h3>
       
      1
       
    </h3>
    <h2>
       
      title 1
       
    </h2>
    <p>
       
      body 1
       
    </p>
  </div>
</div>
`;
