// Jest Snapshot v1, https://goo.gl/fbAQLP

exports[`<TextInput /> Should match snapshot 1`] = `
<input
  class="text-input"
  placeholder="Type your search"
  type="search"
  value="test"
/>
`;
